=== BTCUSDT 5m klines (um) 2020-09-01 -> today ===
  [klines_5m] 200/2130 {'ok': 200, 'missing': 0, 'cached': 0, 'failed': 0}
  [klines_5m] 400/2130 {'ok': 400, 'missing': 0, 'cached': 0, 'failed': 0}
  [klines_5m] 600/2130 {'ok': 600, 'missing': 0, 'cached': 0, 'failed': 0}
  [klines_5m] 800/2130 {'ok': 800, 'missing': 0, 'cached': 0, 'failed': 0}
  [klines_5m] 1000/2130 {'ok': 1000, 'missing': 0, 'cached': 0, 'failed': 0}
  [klines_5m] 1200/2130 {'ok': 1200, 'missing': 0, 'cached': 0, 'failed': 0}
  [klines_5m] 1400/2130 {'ok': 1400, 'missing': 0, 'cached': 0, 'failed': 0}
  [klines_5m] 1600/2130 {'ok': 1600, 'missing': 0, 'cached': 0, 'failed': 0}
  [klines_5m] 1800/2130 {'ok': 1800, 'missing': 0, 'cached': 0, 'failed': 0}
  [klines_5m] 2000/2130 {'ok': 2000, 'missing': 0, 'cached': 0, 'failed': 0}
[klines_5m] DONE {'ok': 2128, 'missing': 2, 'cached': 0, 'failed': 0}
=== BTCUSDT metrics (OI, top-trader ratio, taker vol) 2020-09-01 -> today ===
  [metrics] 200/2130 {'ok': 200, 'missing': 0, 'cached': 0, 'failed': 0}
  [metrics] 400/2130 {'ok': 400, 'missing': 0, 'cached': 0, 'failed': 0}
  [metrics] 600/2130 {'ok': 600, 'missing': 0, 'cached': 0, 'failed': 0}
  [metrics] 800/2130 {'ok': 800, 'missing': 0, 'cached': 0, 'failed': 0}
  [metrics] 1000/2130 {'ok': 1000, 'missing': 0, 'cached': 0, 'failed': 0}
  [metrics] 1200/2130 {'ok': 1200, 'missing': 0, 'cached': 0, 'failed': 0}
  [metrics] 1400/2130 {'ok': 1400, 'missing': 0, 'cached': 0, 'failed': 0}
  [metrics] 1600/2130 {'ok': 1600, 'missing': 0, 'cached': 0, 'failed': 0}
  [metrics] 1800/2130 {'ok': 1800, 'missing': 0, 'cached': 0, 'failed': 0}
  [metrics] 2000/2130 {'ok': 2000, 'missing': 0, 'cached': 0, 'failed': 0}
[metrics] DONE {'ok': 2128, 'missing': 2, 'cached': 0, 'failed': 0}
=== BTCUSDT funding rate monthly 2020-01 -> today ===
[funding] DONE ok=77 cached=0 missing=2 failed=0
=== BTCUSD_PERP real liquidationSnapshot 2023-06-25 -> 2024-10-14 ===
  [liq_real_btcusd_perp] 200/478 {'ok': 197, 'missing': 3, 'cached': 0, 'failed': 0}
  [liq_real_btcusd_perp] 400/478 {'ok': 394, 'missing': 6, 'cached': 0, 'failed': 0}
[liq_real_btcusd_perp] DONE {'ok': 472, 'missing': 6, 'cached': 0, 'failed': 0}
=== BTCUSD_PERP 5m klines (cm, for calibration window) 2023-06-20 -> 2024-10-20 ===
  [liq_real_klines] 200/489 {'ok': 195, 'missing': 5, 'cached': 0, 'failed': 0}
  [liq_real_klines] 400/489 {'ok': 392, 'missing': 8, 'cached': 0, 'failed': 0}
[liq_real_klines] DONE {'ok': 481, 'missing': 8, 'cached': 0, 'failed': 0}
ALL DONE
